
> ai-student-chatbot@0.1.0 build
> next build

Γû▓ Next.js 16.2.1 (Turbopack)
- Environments: .env.local

  Creating an optimized production build ...
Γ£ô Compiled successfully in 7.2s
  Running TypeScript ...
  Finished TypeScript in 6.0s ...
  Collecting page data using 7 workers ...
  Generating static pages using 7 workers (0/18) ...
  Generating static pages using 7 workers (4/18) 
  Generating static pages using 7 workers (8/18) 
  Generating static pages using 7 workers (13/18) 
Γ£ô Generating static pages using 7 workers (18/18) in 848ms
  Finalizing page optimization ...

Route (app)
Γöî Γùï /
Γö£ Γùï /_not-found
Γö£ ╞Æ /api/chat
Γö£ ╞Æ /api/notes
Γö£ ╞Æ /api/resources
Γö£ ╞Æ /api/transcribe
Γö£ ╞Æ /api/upload
Γö£ ╞Æ /api/youtube
Γö£ Γùï /chat
Γö£ Γùï /dashboard
Γö£ Γùï /history
Γö£ Γùï /login
Γö£ Γùï /notes
Γö£ Γùï /profile
Γö£ Γùï /signup
Γöö Γùï /uploads


Γùï  (Static)   prerendered as static content
╞Æ  (Dynamic)  server-rendered on demand

